../Core/Src/main.c:86:5:main	56	static,ignoring_inline_asm
../Core/Src/main.c:166:6:prvReaddTaskToReadyList	16	static
../Core/Src/main.c:175:6:SystemClock_Config	88	static
../Core/Src/main.c:223:13:MX_RTC_Init	8	static
../Core/Src/main.c:258:13:MX_USART2_UART_Init	8	static
../Core/Src/main.c:291:13:MX_GPIO_Init	56	static
../Core/Src/main.c:425:6:rtc_report_callback	16	static
../Core/Src/main.c:432:6:led_effect_callback	24	static
../Core/Src/main.c:456:6:HAL_UART_RxCpltCallback	32	static
../Core/Src/main.c:501:6:HAL_TIM_PeriodElapsedCallback	16	static
../Core/Src/main.c:518:6:Error_Handler	4	static,ignoring_inline_asm
