../Drivers/CMSIS/Include/core_cm4.h:1688:22:__NVIC_EnableIRQ	16	static
../Drivers/CMSIS/Include/core_cm4.h:1762:22:__NVIC_SetPendingIRQ	16	static
../Drivers/CMSIS/Include/core_cm4.h:1816:22:__NVIC_SetPriority	16	static
../Core/Src/main.c:75:6:prvReaddTaskToReadyList	4	static
../Core/Src/main.c:92:5:main	16	static
../Core/Src/main.c:167:13:vHandlerTask	16	static
../Core/Src/main.c:187:13:vPeriodicTask	16	static
../Core/Src/main.c:211:13:prvSetupSoftwareInterrupt	8	static
../Core/Src/main.c:226:6:EXTI15_10_IRQHandler	16	static,ignoring_inline_asm
../Core/Src/main.c:260:6:printmsg	32	static
../Core/Src/main.c:274:6:SystemClock_Config	88	static
../Core/Src/main.c:321:13:MX_USART2_Init	8	static
../Core/Src/main.c:355:13:MX_GPIO_Init	56	static
../Core/Src/main.c:500:6:HAL_TIM_PeriodElapsedCallback	16	static
../Core/Src/main.c:517:6:Error_Handler	4	static,ignoring_inline_asm
