../Core/Src/main.c:73:6:prvReaddTaskToReadyList	4	static
../Core/Src/main.c:93:5:main	16	static
../Core/Src/main.c:165:13:vManagerTask	24	static,ignoring_inline_asm
../Core/Src/main.c:196:6:EmployeeDoWork	16	static
../Core/Src/main.c:206:13:vEmployeeTask	24	static
../Core/Src/main.c:234:6:printmsg	32	static
../Core/Src/main.c:248:6:SystemClock_Config	88	static
../Core/Src/main.c:295:13:MX_USART2_Init	8	static
../Core/Src/main.c:329:13:MX_GPIO_Init	56	static
../Core/Src/main.c:474:6:HAL_TIM_PeriodElapsedCallback	16	static
../Core/Src/main.c:491:6:Error_Handler	4	static,ignoring_inline_asm
