14:55:00 **** Incremental Build of configuration Debug for project 01Queues ****
make -j8 all 
arm-none-eabi-gcc "D:/RTOS_workspaces/Source/common/ThirdParty/FreeRTOS/portable/MemMang/heap_4.c" -mcpu=cortex-m4 -std=gnu11 -g3 -DDEBUG -DUSE_HAL_DRIVER -DSTM32F411xE -c -I../Core/Inc -I../Drivers/STM32F4xx_HAL_Driver/Inc -I../Drivers/STM32F4xx_HAL_Driver/Inc/Legacy -I../Drivers/CMSIS/Device/ST/STM32F4xx/Include -I../Drivers/CMSIS/Include -I"D:/RTOS_workspaces/Source/common/ThirdParty/FreeRTOS/include" -I"D:/RTOS_workspaces/Source/common/ThirdParty/FreeRTOS/portable/GCC/ARM_CM4F" -I"D:/RTOS_workspaces/Source/common/ThirdParty/SEGGER/Config" -I"D:/RTOS_workspaces/Source/common/ThirdParty/SEGGER/OS" -I"D:/RTOS_workspaces/Source/common/ThirdParty/SEGGER/SEGGER" -O0 -ffunction-sections -fdata-sections -Wall -fstack-usage -MMD -MP -MF"common/ThirdParty/FreeRTOS/portable/MemMang/heap_4.d" -MT"common/ThirdParty/FreeRTOS/portable/MemMang/heap_4.o" --specs=nano.specs -mfpu=fpv4-sp-d16 -mfloat-abi=hard -mthumb -o "common/ThirdParty/FreeRTOS/portable/MemMang/heap_4.o"
arm-none-eabi-gcc "D:/RTOS_workspaces/Source/common/ThirdParty/FreeRTOS/portable/GCC/ARM_CM4F/port.c" -mcpu=cortex-m4 -std=gnu11 -g3 -DDEBUG -DUSE_HAL_DRIVER -DSTM32F411xE -c -I../Core/Inc -I../Drivers/STM32F4xx_HAL_Driver/Inc -I../Drivers/STM32F4xx_HAL_Driver/Inc/Legacy -I../Drivers/CMSIS/Device/ST/STM32F4xx/Include -I../Drivers/CMSIS/Include -I"D:/RTOS_workspaces/Source/common/ThirdParty/FreeRTOS/include" -I"D:/RTOS_workspaces/Source/common/ThirdParty/FreeRTOS/portable/GCC/ARM_CM4F" -I"D:/RTOS_workspaces/Source/common/ThirdParty/SEGGER/Config" -I"D:/RTOS_workspaces/Source/common/ThirdParty/SEGGER/OS" -I"D:/RTOS_workspaces/Source/common/ThirdParty/SEGGER/SEGGER" -O0 -ffunction-sections -fdata-sections -Wall -fstack-usage -MMD -MP -MF"common/ThirdParty/FreeRTOS/portable/GCC/ARM_CM4F/port.d" -MT"common/ThirdParty/FreeRTOS/portable/GCC/ARM_CM4F/port.o" --specs=nano.specs -mfpu=fpv4-sp-d16 -mfloat-abi=hard -mthumb -o "common/ThirdParty/FreeRTOS/portable/GCC/ARM_CM4F/port.o"
arm-none-eabi-gcc "D:/RTOS_workspaces/Source/common/ThirdParty/FreeRTOS/croutine.c" -mcpu=cortex-m4 -std=gnu11 -g3 -DDEBUG -DUSE_HAL_DRIVER -DSTM32F411xE -c -I../Core/Inc -I../Drivers/STM32F4xx_HAL_Driver/Inc -I../Drivers/STM32F4xx_HAL_Driver/Inc/Legacy -I../Drivers/CMSIS/Device/ST/STM32F4xx/Include -I../Drivers/CMSIS/Include -I"D:/RTOS_workspaces/Source/common/ThirdParty/FreeRTOS/include" -I"D:/RTOS_workspaces/Source/common/ThirdParty/FreeRTOS/portable/GCC/ARM_CM4F" -I"D:/RTOS_workspaces/Source/common/ThirdParty/SEGGER/Config" -I"D:/RTOS_workspaces/Source/common/ThirdParty/SEGGER/OS" -I"D:/RTOS_workspaces/Source/common/ThirdParty/SEGGER/SEGGER" -O0 -ffunction-sections -fdata-sections -Wall -fstack-usage -MMD -MP -MF"common/ThirdParty/FreeRTOS/croutine.d" -MT"common/ThirdParty/FreeRTOS/croutine.o" --specs=nano.specs -mfpu=fpv4-sp-d16 -mfloat-abi=hard -mthumb -o "common/ThirdParty/FreeRTOS/croutine.o"
arm-none-eabi-gcc "D:/RTOS_workspaces/Source/common/ThirdParty/FreeRTOS/event_groups.c" -mcpu=cortex-m4 -std=gnu11 -g3 -DDEBUG -DUSE_HAL_DRIVER -DSTM32F411xE -c -I../Core/Inc -I../Drivers/STM32F4xx_HAL_Driver/Inc -I../Drivers/STM32F4xx_HAL_Driver/Inc/Legacy -I../Drivers/CMSIS/Device/ST/STM32F4xx/Include -I../Drivers/CMSIS/Include -I"D:/RTOS_workspaces/Source/common/ThirdParty/FreeRTOS/include" -I"D:/RTOS_workspaces/Source/common/ThirdParty/FreeRTOS/portable/GCC/ARM_CM4F" -I"D:/RTOS_workspaces/Source/common/ThirdParty/SEGGER/Config" -I"D:/RTOS_workspaces/Source/common/ThirdParty/SEGGER/OS" -I"D:/RTOS_workspaces/Source/common/ThirdParty/SEGGER/SEGGER" -O0 -ffunction-sections -fdata-sections -Wall -fstack-usage -MMD -MP -MF"common/ThirdParty/FreeRTOS/event_groups.d" -MT"common/ThirdParty/FreeRTOS/event_groups.o" --specs=nano.specs -mfpu=fpv4-sp-d16 -mfloat-abi=hard -mthumb -o "common/ThirdParty/FreeRTOS/event_groups.o"
arm-none-eabi-gcc "D:/RTOS_workspaces/Source/common/ThirdParty/FreeRTOS/list.c" -mcpu=cortex-m4 -std=gnu11 -g3 -DDEBUG -DUSE_HAL_DRIVER -DSTM32F411xE -c -I../Core/Inc -I../Drivers/STM32F4xx_HAL_Driver/Inc -I../Drivers/STM32F4xx_HAL_Driver/Inc/Legacy -I../Drivers/CMSIS/Device/ST/STM32F4xx/Include -I../Drivers/CMSIS/Include -I"D:/RTOS_workspaces/Source/common/ThirdParty/FreeRTOS/include" -I"D:/RTOS_workspaces/Source/common/ThirdParty/FreeRTOS/portable/GCC/ARM_CM4F" -I"D:/RTOS_workspaces/Source/common/ThirdParty/SEGGER/Config" -I"D:/RTOS_workspaces/Source/common/ThirdParty/SEGGER/OS" -I"D:/RTOS_workspaces/Source/common/ThirdParty/SEGGER/SEGGER" -O0 -ffunction-sections -fdata-sections -Wall -fstack-usage -MMD -MP -MF"common/ThirdParty/FreeRTOS/list.d" -MT"common/ThirdParty/FreeRTOS/list.o" --specs=nano.specs -mfpu=fpv4-sp-d16 -mfloat-abi=hard -mthumb -o "common/ThirdParty/FreeRTOS/list.o"
arm-none-eabi-gcc "D:/RTOS_workspaces/Source/common/ThirdParty/FreeRTOS/queue.c" -mcpu=cortex-m4 -std=gnu11 -g3 -DDEBUG -DUSE_HAL_DRIVER -DSTM32F411xE -c -I../Core/Inc -I../Drivers/STM32F4xx_HAL_Driver/Inc -I../Drivers/STM32F4xx_HAL_Driver/Inc/Legacy -I../Drivers/CMSIS/Device/ST/STM32F4xx/Include -I../Drivers/CMSIS/Include -I"D:/RTOS_workspaces/Source/common/ThirdParty/FreeRTOS/include" -I"D:/RTOS_workspaces/Source/common/ThirdParty/FreeRTOS/portable/GCC/ARM_CM4F" -I"D:/RTOS_workspaces/Source/common/ThirdParty/SEGGER/Config" -I"D:/RTOS_workspaces/Source/common/ThirdParty/SEGGER/OS" -I"D:/RTOS_workspaces/Source/common/ThirdParty/SEGGER/SEGGER" -O0 -ffunction-sections -fdata-sections -Wall -fstack-usage -MMD -MP -MF"common/ThirdParty/FreeRTOS/queue.d" -MT"common/ThirdParty/FreeRTOS/queue.o" --specs=nano.specs -mfpu=fpv4-sp-d16 -mfloat-abi=hard -mthumb -o "common/ThirdParty/FreeRTOS/queue.o"
arm-none-eabi-gcc "D:/RTOS_workspaces/Source/common/ThirdParty/FreeRTOS/stream_buffer.c" -mcpu=cortex-m4 -std=gnu11 -g3 -DDEBUG -DUSE_HAL_DRIVER -DSTM32F411xE -c -I../Core/Inc -I../Drivers/STM32F4xx_HAL_Driver/Inc -I../Drivers/STM32F4xx_HAL_Driver/Inc/Legacy -I../Drivers/CMSIS/Device/ST/STM32F4xx/Include -I../Drivers/CMSIS/Include -I"D:/RTOS_workspaces/Source/common/ThirdParty/FreeRTOS/include" -I"D:/RTOS_workspaces/Source/common/ThirdParty/FreeRTOS/portable/GCC/ARM_CM4F" -I"D:/RTOS_workspaces/Source/common/ThirdParty/SEGGER/Config" -I"D:/RTOS_workspaces/Source/common/ThirdParty/SEGGER/OS" -I"D:/RTOS_workspaces/Source/common/ThirdParty/SEGGER/SEGGER" -O0 -ffunction-sections -fdata-sections -Wall -fstack-usage -MMD -MP -MF"common/ThirdParty/FreeRTOS/stream_buffer.d" -MT"common/ThirdParty/FreeRTOS/stream_buffer.o" --specs=nano.specs -mfpu=fpv4-sp-d16 -mfloat-abi=hard -mthumb -o "common/ThirdParty/FreeRTOS/stream_buffer.o"
arm-none-eabi-gcc "D:/RTOS_workspaces/Source/common/ThirdParty/FreeRTOS/tasks.c" -mcpu=cortex-m4 -std=gnu11 -g3 -DDEBUG -DUSE_HAL_DRIVER -DSTM32F411xE -c -I../Core/Inc -I../Drivers/STM32F4xx_HAL_Driver/Inc -I../Drivers/STM32F4xx_HAL_Driver/Inc/Legacy -I../Drivers/CMSIS/Device/ST/STM32F4xx/Include -I../Drivers/CMSIS/Include -I"D:/RTOS_workspaces/Source/common/ThirdParty/FreeRTOS/include" -I"D:/RTOS_workspaces/Source/common/ThirdParty/FreeRTOS/portable/GCC/ARM_CM4F" -I"D:/RTOS_workspaces/Source/common/ThirdParty/SEGGER/Config" -I"D:/RTOS_workspaces/Source/common/ThirdParty/SEGGER/OS" -I"D:/RTOS_workspaces/Source/common/ThirdParty/SEGGER/SEGGER" -O0 -ffunction-sections -fdata-sections -Wall -fstack-usage -MMD -MP -MF"common/ThirdParty/FreeRTOS/tasks.d" -MT"common/ThirdParty/FreeRTOS/tasks.o" --specs=nano.specs -mfpu=fpv4-sp-d16 -mfloat-abi=hard -mthumb -o "common/ThirdParty/FreeRTOS/tasks.o"
D:/RTOS_workspaces/Source/common/ThirdParty/FreeRTOS/tasks.c: In function 'vTaskPrioritySet':
D:/RTOS_workspaces/Source/common/ThirdParty/FreeRTOS/tasks.c:1687:6: warning: implicit declaration of function 'prvReaddTaskToReadyList'; did you mean 'prvAddTaskToReadyList'? [-Wimplicit-function-declaration]
 1687 |      prvReaddTaskToReadyList( pxTCB );
      |      ^~~~~~~~~~~~~~~~~~~~~~~
      |      prvAddTaskToReadyList
arm-none-eabi-gcc "D:/RTOS_workspaces/Source/common/ThirdParty/FreeRTOS/timers.c" -mcpu=cortex-m4 -std=gnu11 -g3 -DDEBUG -DUSE_HAL_DRIVER -DSTM32F411xE -c -I../Core/Inc -I../Drivers/STM32F4xx_HAL_Driver/Inc -I../Drivers/STM32F4xx_HAL_Driver/Inc/Legacy -I../Drivers/CMSIS/Device/ST/STM32F4xx/Include -I../Drivers/CMSIS/Include -I"D:/RTOS_workspaces/Source/common/ThirdParty/FreeRTOS/include" -I"D:/RTOS_workspaces/Source/common/ThirdParty/FreeRTOS/portable/GCC/ARM_CM4F" -I"D:/RTOS_workspaces/Source/common/ThirdParty/SEGGER/Config" -I"D:/RTOS_workspaces/Source/common/ThirdParty/SEGGER/OS" -I"D:/RTOS_workspaces/Source/common/ThirdParty/SEGGER/SEGGER" -O0 -ffunction-sections -fdata-sections -Wall -fstack-usage -MMD -MP -MF"common/ThirdParty/FreeRTOS/timers.d" -MT"common/ThirdParty/FreeRTOS/timers.o" --specs=nano.specs -mfpu=fpv4-sp-d16 -mfloat-abi=hard -mthumb -o "common/ThirdParty/FreeRTOS/timers.o"
arm-none-eabi-gcc "../Drivers/STM32F4xx_HAL_Driver/Src/stm32f4xx_hal.c" -mcpu=cortex-m4 -std=gnu11 -g3 -DDEBUG -DUSE_HAL_DRIVER -DSTM32F411xE -c -I../Core/Inc -I../Drivers/STM32F4xx_HAL_Driver/Inc -I../Drivers/STM32F4xx_HAL_Driver/Inc/Legacy -I../Drivers/CMSIS/Device/ST/STM32F4xx/Include -I../Drivers/CMSIS/Include -I"D:/RTOS_workspaces/Source/common/ThirdParty/FreeRTOS/include" -I"D:/RTOS_workspaces/Source/common/ThirdParty/FreeRTOS/portable/GCC/ARM_CM4F" -I"D:/RTOS_workspaces/Source/common/ThirdParty/SEGGER/Config" -I"D:/RTOS_workspaces/Source/common/ThirdParty/SEGGER/OS" -I"D:/RTOS_workspaces/Source/common/ThirdParty/SEGGER/SEGGER" -O0 -ffunction-sections -fdata-sections -Wall -fstack-usage -MMD -MP -MF"Drivers/STM32F4xx_HAL_Driver/Src/stm32f4xx_hal.d" -MT"Drivers/STM32F4xx_HAL_Driver/Src/stm32f4xx_hal.o" --specs=nano.specs -mfpu=fpv4-sp-d16 -mfloat-abi=hard -mthumb -o "Drivers/STM32F4xx_HAL_Driver/Src/stm32f4xx_hal.o"
arm-none-eabi-gcc "../Drivers/STM32F4xx_HAL_Driver/Src/stm32f4xx_hal_cortex.c" -mcpu=cortex-m4 -std=gnu11 -g3 -DDEBUG -DUSE_HAL_DRIVER -DSTM32F411xE -c -I../Core/Inc -I../Drivers/STM32F4xx_HAL_Driver/Inc -I../Drivers/STM32F4xx_HAL_Driver/Inc/Legacy -I../Drivers/CMSIS/Device/ST/STM32F4xx/Include -I../Drivers/CMSIS/Include -I"D:/RTOS_workspaces/Source/common/ThirdParty/FreeRTOS/include" -I"D:/RTOS_workspaces/Source/common/ThirdParty/FreeRTOS/portable/GCC/ARM_CM4F" -I"D:/RTOS_workspaces/Source/common/ThirdParty/SEGGER/Config" -I"D:/RTOS_workspaces/Source/common/ThirdParty/SEGGER/OS" -I"D:/RTOS_workspaces/Source/common/ThirdParty/SEGGER/SEGGER" -O0 -ffunction-sections -fdata-sections -Wall -fstack-usage -MMD -MP -MF"Drivers/STM32F4xx_HAL_Driver/Src/stm32f4xx_hal_cortex.d" -MT"Drivers/STM32F4xx_HAL_Driver/Src/stm32f4xx_hal_cortex.o" --specs=nano.specs -mfpu=fpv4-sp-d16 -mfloat-abi=hard -mthumb -o "Drivers/STM32F4xx_HAL_Driver/Src/stm32f4xx_hal_cortex.o"
arm-none-eabi-gcc "../Drivers/STM32F4xx_HAL_Driver/Src/stm32f4xx_hal_dma.c" -mcpu=cortex-m4 -std=gnu11 -g3 -DDEBUG -DUSE_HAL_DRIVER -DSTM32F411xE -c -I../Core/Inc -I../Drivers/STM32F4xx_HAL_Driver/Inc -I../Drivers/STM32F4xx_HAL_Driver/Inc/Legacy -I../Drivers/CMSIS/Device/ST/STM32F4xx/Include -I../Drivers/CMSIS/Include -I"D:/RTOS_workspaces/Source/common/ThirdParty/FreeRTOS/include" -I"D:/RTOS_workspaces/Source/common/ThirdParty/FreeRTOS/portable/GCC/ARM_CM4F" -I"D:/RTOS_workspaces/Source/common/ThirdParty/SEGGER/Config" -I"D:/RTOS_workspaces/Source/common/ThirdParty/SEGGER/OS" -I"D:/RTOS_workspaces/Source/common/ThirdParty/SEGGER/SEGGER" -O0 -ffunction-sections -fdata-sections -Wall -fstack-usage -MMD -MP -MF"Drivers/STM32F4xx_HAL_Driver/Src/stm32f4xx_hal_dma.d" -MT"Drivers/STM32F4xx_HAL_Driver/Src/stm32f4xx_hal_dma.o" --specs=nano.specs -mfpu=fpv4-sp-d16 -mfloat-abi=hard -mthumb -o "Drivers/STM32F4xx_HAL_Driver/Src/stm32f4xx_hal_dma.o"
arm-none-eabi-gcc "../Drivers/STM32F4xx_HAL_Driver/Src/stm32f4xx_hal_dma_ex.c" -mcpu=cortex-m4 -std=gnu11 -g3 -DDEBUG -DUSE_HAL_DRIVER -DSTM32F411xE -c -I../Core/Inc -I../Drivers/STM32F4xx_HAL_Driver/Inc -I../Drivers/STM32F4xx_HAL_Driver/Inc/Legacy -I../Drivers/CMSIS/Device/ST/STM32F4xx/Include -I../Drivers/CMSIS/Include -I"D:/RTOS_workspaces/Source/common/ThirdParty/FreeRTOS/include" -I"D:/RTOS_workspaces/Source/common/ThirdParty/FreeRTOS/portable/GCC/ARM_CM4F" -I"D:/RTOS_workspaces/Source/common/ThirdParty/SEGGER/Config" -I"D:/RTOS_workspaces/Source/common/ThirdParty/SEGGER/OS" -I"D:/RTOS_workspaces/Source/common/ThirdParty/SEGGER/SEGGER" -O0 -ffunction-sections -fdata-sections -Wall -fstack-usage -MMD -MP -MF"Drivers/STM32F4xx_HAL_Driver/Src/stm32f4xx_hal_dma_ex.d" -MT"Drivers/STM32F4xx_HAL_Driver/Src/stm32f4xx_hal_dma_ex.o" --specs=nano.specs -mfpu=fpv4-sp-d16 -mfloat-abi=hard -mthumb -o "Drivers/STM32F4xx_HAL_Driver/Src/stm32f4xx_hal_dma_ex.o"
arm-none-eabi-gcc "../Drivers/STM32F4xx_HAL_Driver/Src/stm32f4xx_hal_exti.c" -mcpu=cortex-m4 -std=gnu11 -g3 -DDEBUG -DUSE_HAL_DRIVER -DSTM32F411xE -c -I../Core/Inc -I../Drivers/STM32F4xx_HAL_Driver/Inc -I../Drivers/STM32F4xx_HAL_Driver/Inc/Legacy -I../Drivers/CMSIS/Device/ST/STM32F4xx/Include -I../Drivers/CMSIS/Include -I"D:/RTOS_workspaces/Source/common/ThirdParty/FreeRTOS/include" -I"D:/RTOS_workspaces/Source/common/ThirdParty/FreeRTOS/portable/GCC/ARM_CM4F" -I"D:/RTOS_workspaces/Source/common/ThirdParty/SEGGER/Config" -I"D:/RTOS_workspaces/Source/common/ThirdParty/SEGGER/OS" -I"D:/RTOS_workspaces/Source/common/ThirdParty/SEGGER/SEGGER" -O0 -ffunction-sections -fdata-sections -Wall -fstack-usage -MMD -MP -MF"Drivers/STM32F4xx_HAL_Driver/Src/stm32f4xx_hal_exti.d" -MT"Drivers/STM32F4xx_HAL_Driver/Src/stm32f4xx_hal_exti.o" --specs=nano.specs -mfpu=fpv4-sp-d16 -mfloat-abi=hard -mthumb -o "Drivers/STM32F4xx_HAL_Driver/Src/stm32f4xx_hal_exti.o"
arm-none-eabi-gcc "../Drivers/STM32F4xx_HAL_Driver/Src/stm32f4xx_hal_flash.c" -mcpu=cortex-m4 -std=gnu11 -g3 -DDEBUG -DUSE_HAL_DRIVER -DSTM32F411xE -c -I../Core/Inc -I../Drivers/STM32F4xx_HAL_Driver/Inc -I../Drivers/STM32F4xx_HAL_Driver/Inc/Legacy -I../Drivers/CMSIS/Device/ST/STM32F4xx/Include -I../Drivers/CMSIS/Include -I"D:/RTOS_workspaces/Source/common/ThirdParty/FreeRTOS/include" -I"D:/RTOS_workspaces/Source/common/ThirdParty/FreeRTOS/portable/GCC/ARM_CM4F" -I"D:/RTOS_workspaces/Source/common/ThirdParty/SEGGER/Config" -I"D:/RTOS_workspaces/Source/common/ThirdParty/SEGGER/OS" -I"D:/RTOS_workspaces/Source/common/ThirdParty/SEGGER/SEGGER" -O0 -ffunction-sections -fdata-sections -Wall -fstack-usage -MMD -MP -MF"Drivers/STM32F4xx_HAL_Driver/Src/stm32f4xx_hal_flash.d" -MT"Drivers/STM32F4xx_HAL_Driver/Src/stm32f4xx_hal_flash.o" --specs=nano.specs -mfpu=fpv4-sp-d16 -mfloat-abi=hard -mthumb -o "Drivers/STM32F4xx_HAL_Driver/Src/stm32f4xx_hal_flash.o"
arm-none-eabi-gcc "../Drivers/STM32F4xx_HAL_Driver/Src/stm32f4xx_hal_flash_ex.c" -mcpu=cortex-m4 -std=gnu11 -g3 -DDEBUG -DUSE_HAL_DRIVER -DSTM32F411xE -c -I../Core/Inc -I../Drivers/STM32F4xx_HAL_Driver/Inc -I../Drivers/STM32F4xx_HAL_Driver/Inc/Legacy -I../Drivers/CMSIS/Device/ST/STM32F4xx/Include -I../Drivers/CMSIS/Include -I"D:/RTOS_workspaces/Source/common/ThirdParty/FreeRTOS/include" -I"D:/RTOS_workspaces/Source/common/ThirdParty/FreeRTOS/portable/GCC/ARM_CM4F" -I"D:/RTOS_workspaces/Source/common/ThirdParty/SEGGER/Config" -I"D:/RTOS_workspaces/Source/common/ThirdParty/SEGGER/OS" -I"D:/RTOS_workspaces/Source/common/ThirdParty/SEGGER/SEGGER" -O0 -ffunction-sections -fdata-sections -Wall -fstack-usage -MMD -MP -MF"Drivers/STM32F4xx_HAL_Driver/Src/stm32f4xx_hal_flash_ex.d" -MT"Drivers/STM32F4xx_HAL_Driver/Src/stm32f4xx_hal_flash_ex.o" --specs=nano.specs -mfpu=fpv4-sp-d16 -mfloat-abi=hard -mthumb -o "Drivers/STM32F4xx_HAL_Driver/Src/stm32f4xx_hal_flash_ex.o"
arm-none-eabi-gcc "../Drivers/STM32F4xx_HAL_Driver/Src/stm32f4xx_hal_flash_ramfunc.c" -mcpu=cortex-m4 -std=gnu11 -g3 -DDEBUG -DUSE_HAL_DRIVER -DSTM32F411xE -c -I../Core/Inc -I../Drivers/STM32F4xx_HAL_Driver/Inc -I../Drivers/STM32F4xx_HAL_Driver/Inc/Legacy -I../Drivers/CMSIS/Device/ST/STM32F4xx/Include -I../Drivers/CMSIS/Include -I"D:/RTOS_workspaces/Source/common/ThirdParty/FreeRTOS/include" -I"D:/RTOS_workspaces/Source/common/ThirdParty/FreeRTOS/portable/GCC/ARM_CM4F" -I"D:/RTOS_workspaces/Source/common/ThirdParty/SEGGER/Config" -I"D:/RTOS_workspaces/Source/common/ThirdParty/SEGGER/OS" -I"D:/RTOS_workspaces/Source/common/ThirdParty/SEGGER/SEGGER" -O0 -ffunction-sections -fdata-sections -Wall -fstack-usage -MMD -MP -MF"Drivers/STM32F4xx_HAL_Driver/Src/stm32f4xx_hal_flash_ramfunc.d" -MT"Drivers/STM32F4xx_HAL_Driver/Src/stm32f4xx_hal_flash_ramfunc.o" --specs=nano.specs -mfpu=fpv4-sp-d16 -mfloat-abi=hard -mthumb -o "Drivers/STM32F4xx_HAL_Driver/Src/stm32f4xx_hal_flash_ramfunc.o"
arm-none-eabi-gcc "../Drivers/STM32F4xx_HAL_Driver/Src/stm32f4xx_hal_gpio.c" -mcpu=cortex-m4 -std=gnu11 -g3 -DDEBUG -DUSE_HAL_DRIVER -DSTM32F411xE -c -I../Core/Inc -I../Drivers/STM32F4xx_HAL_Driver/Inc -I../Drivers/STM32F4xx_HAL_Driver/Inc/Legacy -I../Drivers/CMSIS/Device/ST/STM32F4xx/Include -I../Drivers/CMSIS/Include -I"D:/RTOS_workspaces/Source/common/ThirdParty/FreeRTOS/include" -I"D:/RTOS_workspaces/Source/common/ThirdParty/FreeRTOS/portable/GCC/ARM_CM4F" -I"D:/RTOS_workspaces/Source/common/ThirdParty/SEGGER/Config" -I"D:/RTOS_workspaces/Source/common/ThirdParty/SEGGER/OS" -I"D:/RTOS_workspaces/Source/common/ThirdParty/SEGGER/SEGGER" -O0 -ffunction-sections -fdata-sections -Wall -fstack-usage -MMD -MP -MF"Drivers/STM32F4xx_HAL_Driver/Src/stm32f4xx_hal_gpio.d" -MT"Drivers/STM32F4xx_HAL_Driver/Src/stm32f4xx_hal_gpio.o" --specs=nano.specs -mfpu=fpv4-sp-d16 -mfloat-abi=hard -mthumb -o "Drivers/STM32F4xx_HAL_Driver/Src/stm32f4xx_hal_gpio.o"
arm-none-eabi-gcc "../Drivers/STM32F4xx_HAL_Driver/Src/stm32f4xx_hal_pwr.c" -mcpu=cortex-m4 -std=gnu11 -g3 -DDEBUG -DUSE_HAL_DRIVER -DSTM32F411xE -c -I../Core/Inc -I../Drivers/STM32F4xx_HAL_Driver/Inc -I../Drivers/STM32F4xx_HAL_Driver/Inc/Legacy -I../Drivers/CMSIS/Device/ST/STM32F4xx/Include -I../Drivers/CMSIS/Include -I"D:/RTOS_workspaces/Source/common/ThirdParty/FreeRTOS/include" -I"D:/RTOS_workspaces/Source/common/ThirdParty/FreeRTOS/portable/GCC/ARM_CM4F" -I"D:/RTOS_workspaces/Source/common/ThirdParty/SEGGER/Config" -I"D:/RTOS_workspaces/Source/common/ThirdParty/SEGGER/OS" -I"D:/RTOS_workspaces/Source/common/ThirdParty/SEGGER/SEGGER" -O0 -ffunction-sections -fdata-sections -Wall -fstack-usage -MMD -MP -MF"Drivers/STM32F4xx_HAL_Driver/Src/stm32f4xx_hal_pwr.d" -MT"Drivers/STM32F4xx_HAL_Driver/Src/stm32f4xx_hal_pwr.o" --specs=nano.specs -mfpu=fpv4-sp-d16 -mfloat-abi=hard -mthumb -o "Drivers/STM32F4xx_HAL_Driver/Src/stm32f4xx_hal_pwr.o"
arm-none-eabi-gcc "../Drivers/STM32F4xx_HAL_Driver/Src/stm32f4xx_hal_pwr_ex.c" -mcpu=cortex-m4 -std=gnu11 -g3 -DDEBUG -DUSE_HAL_DRIVER -DSTM32F411xE -c -I../Core/Inc -I../Drivers/STM32F4xx_HAL_Driver/Inc -I../Drivers/STM32F4xx_HAL_Driver/Inc/Legacy -I../Drivers/CMSIS/Device/ST/STM32F4xx/Include -I../Drivers/CMSIS/Include -I"D:/RTOS_workspaces/Source/common/ThirdParty/FreeRTOS/include" -I"D:/RTOS_workspaces/Source/common/ThirdParty/FreeRTOS/portable/GCC/ARM_CM4F" -I"D:/RTOS_workspaces/Source/common/ThirdParty/SEGGER/Config" -I"D:/RTOS_workspaces/Source/common/ThirdParty/SEGGER/OS" -I"D:/RTOS_workspaces/Source/common/ThirdParty/SEGGER/SEGGER" -O0 -ffunction-sections -fdata-sections -Wall -fstack-usage -MMD -MP -MF"Drivers/STM32F4xx_HAL_Driver/Src/stm32f4xx_hal_pwr_ex.d" -MT"Drivers/STM32F4xx_HAL_Driver/Src/stm32f4xx_hal_pwr_ex.o" --specs=nano.specs -mfpu=fpv4-sp-d16 -mfloat-abi=hard -mthumb -o "Drivers/STM32F4xx_HAL_Driver/Src/stm32f4xx_hal_pwr_ex.o"
arm-none-eabi-gcc "../Drivers/STM32F4xx_HAL_Driver/Src/stm32f4xx_hal_rcc.c" -mcpu=cortex-m4 -std=gnu11 -g3 -DDEBUG -DUSE_HAL_DRIVER -DSTM32F411xE -c -I../Core/Inc -I../Drivers/STM32F4xx_HAL_Driver/Inc -I../Drivers/STM32F4xx_HAL_Driver/Inc/Legacy -I../Drivers/CMSIS/Device/ST/STM32F4xx/Include -I../Drivers/CMSIS/Include -I"D:/RTOS_workspaces/Source/common/ThirdParty/FreeRTOS/include" -I"D:/RTOS_workspaces/Source/common/ThirdParty/FreeRTOS/portable/GCC/ARM_CM4F" -I"D:/RTOS_workspaces/Source/common/ThirdParty/SEGGER/Config" -I"D:/RTOS_workspaces/Source/common/ThirdParty/SEGGER/OS" -I"D:/RTOS_workspaces/Source/common/ThirdParty/SEGGER/SEGGER" -O0 -ffunction-sections -fdata-sections -Wall -fstack-usage -MMD -MP -MF"Drivers/STM32F4xx_HAL_Driver/Src/stm32f4xx_hal_rcc.d" -MT"Drivers/STM32F4xx_HAL_Driver/Src/stm32f4xx_hal_rcc.o" --specs=nano.specs -mfpu=fpv4-sp-d16 -mfloat-abi=hard -mthumb -o "Drivers/STM32F4xx_HAL_Driver/Src/stm32f4xx_hal_rcc.o"
arm-none-eabi-gcc "../Drivers/STM32F4xx_HAL_Driver/Src/stm32f4xx_hal_rcc_ex.c" -mcpu=cortex-m4 -std=gnu11 -g3 -DDEBUG -DUSE_HAL_DRIVER -DSTM32F411xE -c -I../Core/Inc -I../Drivers/STM32F4xx_HAL_Driver/Inc -I../Drivers/STM32F4xx_HAL_Driver/Inc/Legacy -I../Drivers/CMSIS/Device/ST/STM32F4xx/Include -I../Drivers/CMSIS/Include -I"D:/RTOS_workspaces/Source/common/ThirdParty/FreeRTOS/include" -I"D:/RTOS_workspaces/Source/common/ThirdParty/FreeRTOS/portable/GCC/ARM_CM4F" -I"D:/RTOS_workspaces/Source/common/ThirdParty/SEGGER/Config" -I"D:/RTOS_workspaces/Source/common/ThirdParty/SEGGER/OS" -I"D:/RTOS_workspaces/Source/common/ThirdParty/SEGGER/SEGGER" -O0 -ffunction-sections -fdata-sections -Wall -fstack-usage -MMD -MP -MF"Drivers/STM32F4xx_HAL_Driver/Src/stm32f4xx_hal_rcc_ex.d" -MT"Drivers/STM32F4xx_HAL_Driver/Src/stm32f4xx_hal_rcc_ex.o" --specs=nano.specs -mfpu=fpv4-sp-d16 -mfloat-abi=hard -mthumb -o "Drivers/STM32F4xx_HAL_Driver/Src/stm32f4xx_hal_rcc_ex.o"
arm-none-eabi-gcc "../Drivers/STM32F4xx_HAL_Driver/Src/stm32f4xx_hal_rtc.c" -mcpu=cortex-m4 -std=gnu11 -g3 -DDEBUG -DUSE_HAL_DRIVER -DSTM32F411xE -c -I../Core/Inc -I../Drivers/STM32F4xx_HAL_Driver/Inc -I../Drivers/STM32F4xx_HAL_Driver/Inc/Legacy -I../Drivers/CMSIS/Device/ST/STM32F4xx/Include -I../Drivers/CMSIS/Include -I"D:/RTOS_workspaces/Source/common/ThirdParty/FreeRTOS/include" -I"D:/RTOS_workspaces/Source/common/ThirdParty/FreeRTOS/portable/GCC/ARM_CM4F" -I"D:/RTOS_workspaces/Source/common/ThirdParty/SEGGER/Config" -I"D:/RTOS_workspaces/Source/common/ThirdParty/SEGGER/OS" -I"D:/RTOS_workspaces/Source/common/ThirdParty/SEGGER/SEGGER" -O0 -ffunction-sections -fdata-sections -Wall -fstack-usage -MMD -MP -MF"Drivers/STM32F4xx_HAL_Driver/Src/stm32f4xx_hal_rtc.d" -MT"Drivers/STM32F4xx_HAL_Driver/Src/stm32f4xx_hal_rtc.o" --specs=nano.specs -mfpu=fpv4-sp-d16 -mfloat-abi=hard -mthumb -o "Drivers/STM32F4xx_HAL_Driver/Src/stm32f4xx_hal_rtc.o"
arm-none-eabi-gcc "../Drivers/STM32F4xx_HAL_Driver/Src/stm32f4xx_hal_rtc_ex.c" -mcpu=cortex-m4 -std=gnu11 -g3 -DDEBUG -DUSE_HAL_DRIVER -DSTM32F411xE -c -I../Core/Inc -I../Drivers/STM32F4xx_HAL_Driver/Inc -I../Drivers/STM32F4xx_HAL_Driver/Inc/Legacy -I../Drivers/CMSIS/Device/ST/STM32F4xx/Include -I../Drivers/CMSIS/Include -I"D:/RTOS_workspaces/Source/common/ThirdParty/FreeRTOS/include" -I"D:/RTOS_workspaces/Source/common/ThirdParty/FreeRTOS/portable/GCC/ARM_CM4F" -I"D:/RTOS_workspaces/Source/common/ThirdParty/SEGGER/Config" -I"D:/RTOS_workspaces/Source/common/ThirdParty/SEGGER/OS" -I"D:/RTOS_workspaces/Source/common/ThirdParty/SEGGER/SEGGER" -O0 -ffunction-sections -fdata-sections -Wall -fstack-usage -MMD -MP -MF"Drivers/STM32F4xx_HAL_Driver/Src/stm32f4xx_hal_rtc_ex.d" -MT"Drivers/STM32F4xx_HAL_Driver/Src/stm32f4xx_hal_rtc_ex.o" --specs=nano.specs -mfpu=fpv4-sp-d16 -mfloat-abi=hard -mthumb -o "Drivers/STM32F4xx_HAL_Driver/Src/stm32f4xx_hal_rtc_ex.o"
arm-none-eabi-gcc "../Drivers/STM32F4xx_HAL_Driver/Src/stm32f4xx_hal_tim.c" -mcpu=cortex-m4 -std=gnu11 -g3 -DDEBUG -DUSE_HAL_DRIVER -DSTM32F411xE -c -I../Core/Inc -I../Drivers/STM32F4xx_HAL_Driver/Inc -I../Drivers/STM32F4xx_HAL_Driver/Inc/Legacy -I../Drivers/CMSIS/Device/ST/STM32F4xx/Include -I../Drivers/CMSIS/Include -I"D:/RTOS_workspaces/Source/common/ThirdParty/FreeRTOS/include" -I"D:/RTOS_workspaces/Source/common/ThirdParty/FreeRTOS/portable/GCC/ARM_CM4F" -I"D:/RTOS_workspaces/Source/common/ThirdParty/SEGGER/Config" -I"D:/RTOS_workspaces/Source/common/ThirdParty/SEGGER/OS" -I"D:/RTOS_workspaces/Source/common/ThirdParty/SEGGER/SEGGER" -O0 -ffunction-sections -fdata-sections -Wall -fstack-usage -MMD -MP -MF"Drivers/STM32F4xx_HAL_Driver/Src/stm32f4xx_hal_tim.d" -MT"Drivers/STM32F4xx_HAL_Driver/Src/stm32f4xx_hal_tim.o" --specs=nano.specs -mfpu=fpv4-sp-d16 -mfloat-abi=hard -mthumb -o "Drivers/STM32F4xx_HAL_Driver/Src/stm32f4xx_hal_tim.o"
arm-none-eabi-gcc "../Drivers/STM32F4xx_HAL_Driver/Src/stm32f4xx_hal_tim_ex.c" -mcpu=cortex-m4 -std=gnu11 -g3 -DDEBUG -DUSE_HAL_DRIVER -DSTM32F411xE -c -I../Core/Inc -I../Drivers/STM32F4xx_HAL_Driver/Inc -I../Drivers/STM32F4xx_HAL_Driver/Inc/Legacy -I../Drivers/CMSIS/Device/ST/STM32F4xx/Include -I../Drivers/CMSIS/Include -I"D:/RTOS_workspaces/Source/common/ThirdParty/FreeRTOS/include" -I"D:/RTOS_workspaces/Source/common/ThirdParty/FreeRTOS/portable/GCC/ARM_CM4F" -I"D:/RTOS_workspaces/Source/common/ThirdParty/SEGGER/Config" -I"D:/RTOS_workspaces/Source/common/ThirdParty/SEGGER/OS" -I"D:/RTOS_workspaces/Source/common/ThirdParty/SEGGER/SEGGER" -O0 -ffunction-sections -fdata-sections -Wall -fstack-usage -MMD -MP -MF"Drivers/STM32F4xx_HAL_Driver/Src/stm32f4xx_hal_tim_ex.d" -MT"Drivers/STM32F4xx_HAL_Driver/Src/stm32f4xx_hal_tim_ex.o" --specs=nano.specs -mfpu=fpv4-sp-d16 -mfloat-abi=hard -mthumb -o "Drivers/STM32F4xx_HAL_Driver/Src/stm32f4xx_hal_tim_ex.o"
arm-none-eabi-gcc "../Drivers/STM32F4xx_HAL_Driver/Src/stm32f4xx_hal_uart.c" -mcpu=cortex-m4 -std=gnu11 -g3 -DDEBUG -DUSE_HAL_DRIVER -DSTM32F411xE -c -I../Core/Inc -I../Drivers/STM32F4xx_HAL_Driver/Inc -I../Drivers/STM32F4xx_HAL_Driver/Inc/Legacy -I../Drivers/CMSIS/Device/ST/STM32F4xx/Include -I../Drivers/CMSIS/Include -I"D:/RTOS_workspaces/Source/common/ThirdParty/FreeRTOS/include" -I"D:/RTOS_workspaces/Source/common/ThirdParty/FreeRTOS/portable/GCC/ARM_CM4F" -I"D:/RTOS_workspaces/Source/common/ThirdParty/SEGGER/Config" -I"D:/RTOS_workspaces/Source/common/ThirdParty/SEGGER/OS" -I"D:/RTOS_workspaces/Source/common/ThirdParty/SEGGER/SEGGER" -O0 -ffunction-sections -fdata-sections -Wall -fstack-usage -MMD -MP -MF"Drivers/STM32F4xx_HAL_Driver/Src/stm32f4xx_hal_uart.d" -MT"Drivers/STM32F4xx_HAL_Driver/Src/stm32f4xx_hal_uart.o" --specs=nano.specs -mfpu=fpv4-sp-d16 -mfloat-abi=hard -mthumb -o "Drivers/STM32F4xx_HAL_Driver/Src/stm32f4xx_hal_uart.o"
arm-none-eabi-gcc -mcpu=cortex-m4 -g3 -DDEBUG -c -I"D:/RTOS_workspaces/Source/common/ThirdParty/SEGGER/Config" -I"D:/RTOS_workspaces/Source/common/ThirdParty/SEGGER/SEGGER" -x assembler-with-cpp -MMD -MP -MF"Core/Startup/startup_stm32f411vetx.d" -MT"Core/Startup/startup_stm32f411vetx.o" --specs=nano.specs -mfpu=fpv4-sp-d16 -mfloat-abi=hard -mthumb -o "Core/Startup/startup_stm32f411vetx.o" "../Core/Startup/startup_stm32f411vetx.s"
arm-none-eabi-gcc "../Core/Src/led_effect.c" -mcpu=cortex-m4 -std=gnu11 -g3 -DDEBUG -DUSE_HAL_DRIVER -DSTM32F411xE -c -I../Core/Inc -I../Drivers/STM32F4xx_HAL_Driver/Inc -I../Drivers/STM32F4xx_HAL_Driver/Inc/Legacy -I../Drivers/CMSIS/Device/ST/STM32F4xx/Include -I../Drivers/CMSIS/Include -I"D:/RTOS_workspaces/Source/common/ThirdParty/FreeRTOS/include" -I"D:/RTOS_workspaces/Source/common/ThirdParty/FreeRTOS/portable/GCC/ARM_CM4F" -I"D:/RTOS_workspaces/Source/common/ThirdParty/SEGGER/Config" -I"D:/RTOS_workspaces/Source/common/ThirdParty/SEGGER/OS" -I"D:/RTOS_workspaces/Source/common/ThirdParty/SEGGER/SEGGER" -O0 -ffunction-sections -fdata-sections -Wall -fstack-usage -MMD -MP -MF"Core/Src/led_effect.d" -MT"Core/Src/led_effect.o" --specs=nano.specs -mfpu=fpv4-sp-d16 -mfloat-abi=hard -mthumb -o "Core/Src/led_effect.o"
arm-none-eabi-gcc "../Core/Src/main.c" -mcpu=cortex-m4 -std=gnu11 -g3 -DDEBUG -DUSE_HAL_DRIVER -DSTM32F411xE -c -I../Core/Inc -I../Drivers/STM32F4xx_HAL_Driver/Inc -I../Drivers/STM32F4xx_HAL_Driver/Inc/Legacy -I../Drivers/CMSIS/Device/ST/STM32F4xx/Include -I../Drivers/CMSIS/Include -I"D:/RTOS_workspaces/Source/common/ThirdParty/FreeRTOS/include" -I"D:/RTOS_workspaces/Source/common/ThirdParty/FreeRTOS/portable/GCC/ARM_CM4F" -I"D:/RTOS_workspaces/Source/common/ThirdParty/SEGGER/Config" -I"D:/RTOS_workspaces/Source/common/ThirdParty/SEGGER/OS" -I"D:/RTOS_workspaces/Source/common/ThirdParty/SEGGER/SEGGER" -O0 -ffunction-sections -fdata-sections -Wall -fstack-usage -MMD -MP -MF"Core/Src/main.d" -MT"Core/Src/main.o" --specs=nano.specs -mfpu=fpv4-sp-d16 -mfloat-abi=hard -mthumb -o "Core/Src/main.o"
arm-none-eabi-gcc "../Core/Src/rtc.c" -mcpu=cortex-m4 -std=gnu11 -g3 -DDEBUG -DUSE_HAL_DRIVER -DSTM32F411xE -c -I../Core/Inc -I../Drivers/STM32F4xx_HAL_Driver/Inc -I../Drivers/STM32F4xx_HAL_Driver/Inc/Legacy -I../Drivers/CMSIS/Device/ST/STM32F4xx/Include -I../Drivers/CMSIS/Include -I"D:/RTOS_workspaces/Source/common/ThirdParty/FreeRTOS/include" -I"D:/RTOS_workspaces/Source/common/ThirdParty/FreeRTOS/portable/GCC/ARM_CM4F" -I"D:/RTOS_workspaces/Source/common/ThirdParty/SEGGER/Config" -I"D:/RTOS_workspaces/Source/common/ThirdParty/SEGGER/OS" -I"D:/RTOS_workspaces/Source/common/ThirdParty/SEGGER/SEGGER" -O0 -ffunction-sections -fdata-sections -Wall -fstack-usage -MMD -MP -MF"Core/Src/rtc.d" -MT"Core/Src/rtc.o" --specs=nano.specs -mfpu=fpv4-sp-d16 -mfloat-abi=hard -mthumb -o "Core/Src/rtc.o"
arm-none-eabi-gcc "../Core/Src/stm32f4xx_hal_msp.c" -mcpu=cortex-m4 -std=gnu11 -g3 -DDEBUG -DUSE_HAL_DRIVER -DSTM32F411xE -c -I../Core/Inc -I../Drivers/STM32F4xx_HAL_Driver/Inc -I../Drivers/STM32F4xx_HAL_Driver/Inc/Legacy -I../Drivers/CMSIS/Device/ST/STM32F4xx/Include -I../Drivers/CMSIS/Include -I"D:/RTOS_workspaces/Source/common/ThirdParty/FreeRTOS/include" -I"D:/RTOS_workspaces/Source/common/ThirdParty/FreeRTOS/portable/GCC/ARM_CM4F" -I"D:/RTOS_workspaces/Source/common/ThirdParty/SEGGER/Config" -I"D:/RTOS_workspaces/Source/common/ThirdParty/SEGGER/OS" -I"D:/RTOS_workspaces/Source/common/ThirdParty/SEGGER/SEGGER" -O0 -ffunction-sections -fdata-sections -Wall -fstack-usage -MMD -MP -MF"Core/Src/stm32f4xx_hal_msp.d" -MT"Core/Src/stm32f4xx_hal_msp.o" --specs=nano.specs -mfpu=fpv4-sp-d16 -mfloat-abi=hard -mthumb -o "Core/Src/stm32f4xx_hal_msp.o"
arm-none-eabi-gcc "../Core/Src/stm32f4xx_hal_timebase_tim.c" -mcpu=cortex-m4 -std=gnu11 -g3 -DDEBUG -DUSE_HAL_DRIVER -DSTM32F411xE -c -I../Core/Inc -I../Drivers/STM32F4xx_HAL_Driver/Inc -I../Drivers/STM32F4xx_HAL_Driver/Inc/Legacy -I../Drivers/CMSIS/Device/ST/STM32F4xx/Include -I../Drivers/CMSIS/Include -I"D:/RTOS_workspaces/Source/common/ThirdParty/FreeRTOS/include" -I"D:/RTOS_workspaces/Source/common/ThirdParty/FreeRTOS/portable/GCC/ARM_CM4F" -I"D:/RTOS_workspaces/Source/common/ThirdParty/SEGGER/Config" -I"D:/RTOS_workspaces/Source/common/ThirdParty/SEGGER/OS" -I"D:/RTOS_workspaces/Source/common/ThirdParty/SEGGER/SEGGER" -O0 -ffunction-sections -fdata-sections -Wall -fstack-usage -MMD -MP -MF"Core/Src/stm32f4xx_hal_timebase_tim.d" -MT"Core/Src/stm32f4xx_hal_timebase_tim.o" --specs=nano.specs -mfpu=fpv4-sp-d16 -mfloat-abi=hard -mthumb -o "Core/Src/stm32f4xx_hal_timebase_tim.o"
../Core/Src/main.c:76:1: warning: parameter names (without types) in function declaration
   76 | void prvReaddTaskToReadyList( pxTCB );
      | ^~~~
../Core/Src/main.c: In function 'prvReaddTaskToReadyList':
../Core/Src/main.c:166:6: warning: type of 'pxTCB' defaults to 'int' [-Wimplicit-int]
  166 | void prvReaddTaskToReadyList( pxTCB )
      |      ^~~~~~~~~~~~~~~~~~~~~~~
arm-none-eabi-gcc "../Core/Src/stm32f4xx_it.c" -mcpu=cortex-m4 -std=gnu11 -g3 -DDEBUG -DUSE_HAL_DRIVER -DSTM32F411xE -c -I../Core/Inc -I../Drivers/STM32F4xx_HAL_Driver/Inc -I../Drivers/STM32F4xx_HAL_Driver/Inc/Legacy -I../Drivers/CMSIS/Device/ST/STM32F4xx/Include -I../Drivers/CMSIS/Include -I"D:/RTOS_workspaces/Source/common/ThirdParty/FreeRTOS/include" -I"D:/RTOS_workspaces/Source/common/ThirdParty/FreeRTOS/portable/GCC/ARM_CM4F" -I"D:/RTOS_workspaces/Source/common/ThirdParty/SEGGER/Config" -I"D:/RTOS_workspaces/Source/common/ThirdParty/SEGGER/OS" -I"D:/RTOS_workspaces/Source/common/ThirdParty/SEGGER/SEGGER" -O0 -ffunction-sections -fdata-sections -Wall -fstack-usage -MMD -MP -MF"Core/Src/stm32f4xx_it.d" -MT"Core/Src/stm32f4xx_it.o" --specs=nano.specs -mfpu=fpv4-sp-d16 -mfloat-abi=hard -mthumb -o "Core/Src/stm32f4xx_it.o"
arm-none-eabi-gcc "../Core/Src/syscalls.c" -mcpu=cortex-m4 -std=gnu11 -g3 -DDEBUG -DUSE_HAL_DRIVER -DSTM32F411xE -c -I../Core/Inc -I../Drivers/STM32F4xx_HAL_Driver/Inc -I../Drivers/STM32F4xx_HAL_Driver/Inc/Legacy -I../Drivers/CMSIS/Device/ST/STM32F4xx/Include -I../Drivers/CMSIS/Include -I"D:/RTOS_workspaces/Source/common/ThirdParty/FreeRTOS/include" -I"D:/RTOS_workspaces/Source/common/ThirdParty/FreeRTOS/portable/GCC/ARM_CM4F" -I"D:/RTOS_workspaces/Source/common/ThirdParty/SEGGER/Config" -I"D:/RTOS_workspaces/Source/common/ThirdParty/SEGGER/OS" -I"D:/RTOS_workspaces/Source/common/ThirdParty/SEGGER/SEGGER" -O0 -ffunction-sections -fdata-sections -Wall -fstack-usage -MMD -MP -MF"Core/Src/syscalls.d" -MT"Core/Src/syscalls.o" --specs=nano.specs -mfpu=fpv4-sp-d16 -mfloat-abi=hard -mthumb -o "Core/Src/syscalls.o"
arm-none-eabi-gcc "../Core/Src/system_stm32f4xx.c" -mcpu=cortex-m4 -std=gnu11 -g3 -DDEBUG -DUSE_HAL_DRIVER -DSTM32F411xE -c -I../Core/Inc -I../Drivers/STM32F4xx_HAL_Driver/Inc -I../Drivers/STM32F4xx_HAL_Driver/Inc/Legacy -I../Drivers/CMSIS/Device/ST/STM32F4xx/Include -I../Drivers/CMSIS/Include -I"D:/RTOS_workspaces/Source/common/ThirdParty/FreeRTOS/include" -I"D:/RTOS_workspaces/Source/common/ThirdParty/FreeRTOS/portable/GCC/ARM_CM4F" -I"D:/RTOS_workspaces/Source/common/ThirdParty/SEGGER/Config" -I"D:/RTOS_workspaces/Source/common/ThirdParty/SEGGER/OS" -I"D:/RTOS_workspaces/Source/common/ThirdParty/SEGGER/SEGGER" -O0 -ffunction-sections -fdata-sections -Wall -fstack-usage -MMD -MP -MF"Core/Src/system_stm32f4xx.d" -MT"Core/Src/system_stm32f4xx.o" --specs=nano.specs -mfpu=fpv4-sp-d16 -mfloat-abi=hard -mthumb -o "Core/Src/system_stm32f4xx.o"
arm-none-eabi-gcc "../Core/Src/tasks_handler.c" -mcpu=cortex-m4 -std=gnu11 -g3 -DDEBUG -DUSE_HAL_DRIVER -DSTM32F411xE -c -I../Core/Inc -I../Drivers/STM32F4xx_HAL_Driver/Inc -I../Drivers/STM32F4xx_HAL_Driver/Inc/Legacy -I../Drivers/CMSIS/Device/ST/STM32F4xx/Include -I../Drivers/CMSIS/Include -I"D:/RTOS_workspaces/Source/common/ThirdParty/FreeRTOS/include" -I"D:/RTOS_workspaces/Source/common/ThirdParty/FreeRTOS/portable/GCC/ARM_CM4F" -I"D:/RTOS_workspaces/Source/common/ThirdParty/SEGGER/Config" -I"D:/RTOS_workspaces/Source/common/ThirdParty/SEGGER/OS" -I"D:/RTOS_workspaces/Source/common/ThirdParty/SEGGER/SEGGER" -O0 -ffunction-sections -fdata-sections -Wall -fstack-usage -MMD -MP -MF"Core/Src/tasks_handler.d" -MT"Core/Src/tasks_handler.o" --specs=nano.specs -mfpu=fpv4-sp-d16 -mfloat-abi=hard -mthumb -o "Core/Src/tasks_handler.o"
../Core/Src/tasks_handler.c: In function 'rtc_task':
../Core/Src/tasks_handler.c:197:4: warning: enumeration value 'sMainMenu' not handled in switch [-Wswitch]
  197 |    switch(curr_state)
      |    ^~~~~~
../Core/Src/tasks_handler.c:197:4: warning: enumeration value 'sLedEffect' not handled in switch [-Wswitch]
arm-none-eabi-gcc -o "01Queues.elf" @"objects.list"   -mcpu=cortex-m4 -T"D:\RTOS_workspaces\Source\01Queues\STM32F411VETX_FLASH.ld" --specs=nosys.specs -Wl,-Map="01Queues.map" -Wl,--gc-sections -static --specs=nano.specs -mfpu=fpv4-sp-d16 -mfloat-abi=hard -mthumb -Wl,--start-group -lc -lm -Wl,--end-group
Finished building target: 01Queues.elf
 
arm-none-eabi-size   01Queues.elf 
arm-none-eabi-objdump -h -S  01Queues.elf  > "01Queues.list"
   text	   data	    bss	    dec	    hex	filename
  38480	    148	  79132	 117760	  1cc00	01Queues.elf
Finished building: default.size.stdout
 
Finished building: 01Queues.list
 

14:55:04 Build Finished. 0 errors, 5 warnings. (took 3s.897ms)

